// Jest Snapshot v1, https://goo.gl/fbAQLP

exports[`<EmailDataForm /> should render without throwing an error 1`] = `
Object {
  "asFragment": [Function],
  "baseElement": <body>
    <div>
      <main>
         
        <form
          action="#"
        >
          <div
            class="MuiBox-root MuiBox-root-1"
          >
            <div
              class="MuiFormControl-root MuiFormControl-fullWidth"
              data-testid="email-input"
            >
              <label
                class="MuiFormLabel-root"
                for="email"
                margin="normal"
                style="margin-bottom: 10px;"
              >
                Correo electrónico
              </label>
              <div
                class="MuiInputBase-root MuiOutlinedInput-root MuiInputBase-colorSecondary MuiOutlinedInput-colorSecondary MuiInputBase-fullWidth MuiInputBase-formControl"
              >
                <input
                  aria-invalid="false"
                  class="MuiInputBase-input MuiOutlinedInput-input"
                  id="email"
                  name="email"
                  type="text"
                  value=""
                />
                <fieldset
                  aria-hidden="true"
                  class="PrivateNotchedOutline-root-2 MuiOutlinedInput-notchedOutline"
                  style="padding-left: 8px;"
                >
                  <legend
                    class="PrivateNotchedOutline-legend-3"
                    style="width: 0.01px;"
                  >
                    <span>
                      ​
                    </span>
                  </legend>
                </fieldset>
              </div>
            </div>
          </div>
          <button
            class="MuiButtonBase-root MuiButton-root MuiButton-text"
            tabindex="0"
            type="submit"
          >
            <span
              class="MuiButton-label"
            >
              Enviar
            </span>
            <span
              class="MuiTouchRipple-root"
            />
          </button>
        </form>
      </main>
    </div>
  </body>,
  "container": <div>
    <main>
       
      <form
        action="#"
      >
        <div
          class="MuiBox-root MuiBox-root-1"
        >
          <div
            class="MuiFormControl-root MuiFormControl-fullWidth"
            data-testid="email-input"
          >
            <label
              class="MuiFormLabel-root"
              for="email"
              margin="normal"
              style="margin-bottom: 10px;"
            >
              Correo electrónico
            </label>
            <div
              class="MuiInputBase-root MuiOutlinedInput-root MuiInputBase-colorSecondary MuiOutlinedInput-colorSecondary MuiInputBase-fullWidth MuiInputBase-formControl"
            >
              <input
                aria-invalid="false"
                class="MuiInputBase-input MuiOutlinedInput-input"
                id="email"
                name="email"
                type="text"
                value=""
              />
              <fieldset
                aria-hidden="true"
                class="PrivateNotchedOutline-root-2 MuiOutlinedInput-notchedOutline"
                style="padding-left: 8px;"
              >
                <legend
                  class="PrivateNotchedOutline-legend-3"
                  style="width: 0.01px;"
                >
                  <span>
                    ​
                  </span>
                </legend>
              </fieldset>
            </div>
          </div>
        </div>
        <button
          class="MuiButtonBase-root MuiButton-root MuiButton-text"
          tabindex="0"
          type="submit"
        >
          <span
            class="MuiButton-label"
          >
            Enviar
          </span>
          <span
            class="MuiTouchRipple-root"
          />
        </button>
      </form>
    </main>
  </div>,
  "debug": [Function],
  "findAllByAltText": [Function],
  "findAllByDisplayValue": [Function],
  "findAllByLabelText": [Function],
  "findAllByPlaceholderText": [Function],
  "findAllByRole": [Function],
  "findAllByTestId": [Function],
  "findAllByText": [Function],
  "findAllByTitle": [Function],
  "findByAltText": [Function],
  "findByDisplayValue": [Function],
  "findByLabelText": [Function],
  "findByPlaceholderText": [Function],
  "findByRole": [Function],
  "findByTestId": [Function],
  "findByText": [Function],
  "findByTitle": [Function],
  "getAllByAltText": [Function],
  "getAllByDisplayValue": [Function],
  "getAllByLabelText": [Function],
  "getAllByPlaceholderText": [Function],
  "getAllByRole": [Function],
  "getAllByTestId": [Function],
  "getAllByText": [Function],
  "getAllByTitle": [Function],
  "getByAltText": [Function],
  "getByDisplayValue": [Function],
  "getByLabelText": [Function],
  "getByPlaceholderText": [Function],
  "getByRole": [Function],
  "getByTestId": [Function],
  "getByText": [Function],
  "getByTitle": [Function],
  "queryAllByAltText": [Function],
  "queryAllByDisplayValue": [Function],
  "queryAllByLabelText": [Function],
  "queryAllByPlaceholderText": [Function],
  "queryAllByRole": [Function],
  "queryAllByTestId": [Function],
  "queryAllByText": [Function],
  "queryAllByTitle": [Function],
  "queryByAltText": [Function],
  "queryByDisplayValue": [Function],
  "queryByLabelText": [Function],
  "queryByPlaceholderText": [Function],
  "queryByRole": [Function],
  "queryByTestId": [Function],
  "queryByText": [Function],
  "queryByTitle": [Function],
  "rerender": [Function],
  "unmount": [Function],
}
`;
